.\venv\Scripts\python 
: Warning: You are 
sending 
unauthenticated 
requests to the HF 
Hub. Please set a 
HF_TOKEN to enable 
higher rate limits and 
faster downloads.
At line:1 char:1
+ 
.\venv\Scripts\python 
test_server.py > 
test_output.log 2>&1
+ ~~~~~~~~~~~~~~~~~~~~~
~~~~~~~~~~~~~~~~~~~~~~~
~~~~~~~~~~~~~~~
    + CategoryInfo     
         : NotSpecifi  
  ed: (Warning: You    
 ar...ster download    
s.:String) [], Rem    
oteException
    + FullyQualifiedEr 
   rorId : NativeComm  
  andError
 

Loading weights:   0%| 
         | 0/103 
[00:00<?, ?it/s]
Loading weights: 
100%|##########| 
103/103 [00:00<00:00, 
21704.85it/s]
[1mBertModel LOAD 
REPORT[0m from: senten
ce-transformers/all-Min
iLM-L6-v2
Key                    
 | Status     |  | 
-----------------------
-+------------+--+-
embeddings.position_ids
 | UNEXPECTED |  | 

[3mNotes:
- UNEXPECTED[3m	:can 
be ignored when 
loading from different 
task/architecture; not 
ok if you expect 
identical arch.[0m

--- Test 1: Clarification Loop ---
{"tool": "get_checklist_recommendations", "query": "I have a human sample", "provided_attributes": ["sample_name"], "taxon": null, "event": "tool_invoked", "level": "info", "timestamp": "2026-03-09T14:56:38.449051Z"}
Result: {
  "status": "CLARIFY",
  "missing_field": "tissue",
  "message": "Please specify the tissue type."
}

--- Test 2: Confident Match ---
{"tool": "get_checklist_recommendations", "query": "human sample from liver", "provided_attributes": ["tissue", "sample_name"], "taxon": "human", "event": "tool_invoked", "level": "info", "timestamp": "2026-03-09T14:56:38.449051Z"}
{"original_query": "human sample from liver", "standardized": "NCBITaxon:9606 sample from liver", "event": "ontology_normalization", "level": "info", "timestamp": "2026-03-09T14:56:38.449051Z"}
{"checklist_id": "ENA_HUMAN_v2.0", "score": 0.6410124450922012, "semantic_sim": 0.28202489018440247, "attr_match": 1.0, "taxon_weight": 1.0, "decision_reasoning": "Calculated Score 0.64 for ENA_HUMAN_v2.0 because of SemanticSim (0.28), AttrMatch (1.00), and TaxonMatch (1.00).", "event": "ranking_score_calculated", "level": "info", "timestamp": "2026-03-09T14:56:38.458345Z"}
{"checklist_id": "ENA_HUMAN_v1.2", "score": 0.6722661256790161, "semantic_sim": 0.3445322513580322, "attr_match": 1.0, "taxon_weight": 1.0, "decision_reasoning": "Calculated Score 0.67 for ENA_HUMAN_v1.2 because of SemanticSim (0.34), AttrMatch (1.00), and TaxonMatch (1.00).", "event": "ranking_score_calculated", "level": "info", "timestamp": "2026-03-09T14:56:38.458345Z"}
{"checklist_id": "VIRAL_v2", "score": 0.309381240606308, "semantic_sim": 0.31876248121261597, "attr_match": 0.5, "taxon_weight": 0.0, "decision_reasoning": "Calculated Score 0.31 for VIRAL_v2 because of SemanticSim (0.32), AttrMatch (0.50), and TaxonMatch (0.00).", "event": "ranking_score_calculated", "level": "info", "timestamp": "2026-03-09T14:56:38.458345Z"}
{"query": "human sample from liver", "event": "no_confident_match", "level": "warning", "timestamp": "2026-03-09T14:56:38.458345Z"}
Result: {
  "status": "NO_CONFIDENT_MATCH",
  "best_fit": null,
  "alternatives": []
}

--- Test 3: Viral Match ---
{"tool": "get_checklist_recommendations", "query": "SARS-CoV-2 viral sample", "provided_attributes": ["virus_identifier"], "taxon": "virus", "event": "tool_invoked", "level": "info", "timestamp": "2026-03-09T14:56:38.458345Z"}
{"original_query": "SARS-CoV-2 viral sample", "standardized": "NCBITaxon:2697049 viral sample", "event": "ontology_normalization", "level": "info", "timestamp": "2026-03-09T14:56:38.458345Z"}
{"checklist_id": "ENA_HUMAN_v2.0", "score": 0.10227833688259125, "semantic_sim": 0.2045566737651825, "attr_match": 0.0, "taxon_weight": 0.0, "decision_reasoning": "Calculated Score 0.10 for ENA_HUMAN_v2.0 because of SemanticSim (0.20), AttrMatch (0.00), and TaxonMatch (0.00).", "event": "ranking_score_calculated", "level": "info", "timestamp": "2026-03-09T14:56:38.467244Z"}
{"checklist_id": "ENA_HUMAN_v1.2", "score": 0.11009705066680908, "semantic_sim": 0.22019410133361816, "attr_match": 0.0, "taxon_weight": 0.0, "decision_reasoning": "Calculated Score 0.11 for ENA_HUMAN_v1.2 because of SemanticSim (0.22), AttrMatch (0.00), and TaxonMatch (0.00).", "event": "ranking_score_calculated", "level": "info", "timestamp": "2026-03-09T14:56:38.467244Z"}
{"checklist_id": "VIRAL_v2", "score": 0.7843791246414185, "semantic_sim": 0.5687582492828369, "attr_match": 1.0, "taxon_weight": 1.0, "decision_reasoning": "Calculated Score 0.78 for VIRAL_v2 because of SemanticSim (0.57), AttrMatch (1.00), and TaxonMatch (1.00).", "event": "ranking_score_calculated", "level": "info", "timestamp": "2026-03-09T14:56:38.467244Z"}
{"query": "SARS-CoV-2 viral sample", "event": "no_confident_match", "level": "warning", "timestamp": "2026-03-09T14:56:38.467244Z"}
Result: {
  "status": "NO_CONFIDENT_MATCH",
  "best_fit": null,
  "alternatives": []
}

--- Test 4: Low Confidence Guesses ---
{"tool": "get_checklist_recommendations", "query": "environmental soil sample", "provided_attributes": null, "taxon": "metagenome", "event": "tool_invoked", "level": "info", "timestamp": "2026-03-09T14:56:38.467244Z"}
{"original_query": "environmental soil sample", "standardized": "environmental soil sample", "event": "ontology_normalization", "level": "info", "timestamp": "2026-03-09T14:56:38.467244Z"}
{"checklist_id": "ENA_HUMAN_v2.0", "score": 0.30240660309791567, "semantic_sim": 0.3048132061958313, "attr_match": 0.5, "taxon_weight": 0.0, "decision_reasoning": "Calculated Score 0.30 for ENA_HUMAN_v2.0 because of SemanticSim (0.30), AttrMatch (0.50), and TaxonMatch (0.00).", "event": "ranking_score_calculated", "level": "info", "timestamp": "2026-03-09T14:56:38.474460Z"}
{"checklist_id": "ENA_HUMAN_v1.2", "score": 0.32092357575893404, "semantic_sim": 0.34184715151786804, "attr_match": 0.5, "taxon_weight": 0.0, "decision_reasoning": "Calculated Score 0.32 for ENA_HUMAN_v1.2 because of SemanticSim (0.34), AttrMatch (0.50), and TaxonMatch (0.00).", "event": "ranking_score_calculated", "level": "info", "timestamp": "2026-03-09T14:56:38.474460Z"}
{"checklist_id": "VIRAL_v2", "score": 0.2039681427180767, "semantic_sim": 0.10793628543615341, "attr_match": 0.5, "taxon_weight": 0.0, "decision_reasoning": "Calculated Score 0.20 for VIRAL_v2 because of SemanticSim (0.11), AttrMatch (0.50), and TaxonMatch (0.00).", "event": "ranking_score_calculated", "level": "info", "timestamp": "2026-03-09T14:56:38.474460Z"}
{"query": "environmental soil sample", "event": "no_confident_match", "level": "warning", "timestamp": "2026-03-09T14:56:38.474460Z"}
Result: {
  "status": "NO_CONFIDENT_MATCH",
  "best_fit": null,
  "alternatives": []
}

--- Test 5: Version Upgrade Clarification ---
{"tool": "get_checklist_recommendations", "query": "human sample", "provided_attributes": ["sample_name", "tissue", "age"], "taxon": "human", "event": "tool_invoked", "level": "info", "timestamp": "2026-03-09T14:56:38.474460Z"}
{"original_query": "human sample", "standardized": "NCBITaxon:9606 sample", "event": "ontology_normalization", "level": "info", "timestamp": "2026-03-09T14:56:38.474460Z"}
{"checklist_id": "ENA_HUMAN_v2.0", "score": 0.6221428662538528, "semantic_sim": 0.2442857325077057, "attr_match": 1.0, "taxon_weight": 1.0, "decision_reasoning": "Calculated Score 0.62 for ENA_HUMAN_v2.0 because of SemanticSim (0.24), AttrMatch (1.00), and TaxonMatch (1.00).", "event": "ranking_score_calculated", "level": "info", "timestamp": "2026-03-09T14:56:38.480898Z"}
{"checklist_id": "ENA_HUMAN_v1.2", "score": 0.6348290890455246, "semantic_sim": 0.2696581780910492, "attr_match": 1.0, "taxon_weight": 1.0, "decision_reasoning": "Calculated Score 0.63 for ENA_HUMAN_v1.2 because of SemanticSim (0.27), AttrMatch (1.00), and TaxonMatch (1.00).", "event": "ranking_score_calculated", "level": "info", "timestamp": "2026-03-09T14:56:38.480898Z"}
{"checklist_id": "VIRAL_v2", "score": 0.20222829878330228, "semantic_sim": 0.20445659756660461, "attr_match": 0.3333333333333333, "taxon_weight": 0.0, "decision_reasoning": "Calculated Score 0.20 for VIRAL_v2 because of SemanticSim (0.20), AttrMatch (0.33), and TaxonMatch (0.00).", "event": "ranking_score_calculated", "level": "info", "timestamp": "2026-03-09T14:56:38.480898Z"}
{"query": "human sample", "event": "no_confident_match", "level": "warning", "timestamp": "2026-03-09T14:56:38.480898Z"}
Result: {
  "status": "NO_CONFIDENT_MATCH",
  "best_fit": null,
  "alternatives": []
}

--- Test 6: Ontology Normalization ---
{"tool": "get_checklist_recommendations", "query": "lung sample", "provided_attributes": ["tissue", "sample_name"], "taxon": "human", "event": "tool_invoked", "level": "info", "timestamp": "2026-03-09T14:56:38.480898Z"}
{"original_query": "lung sample", "standardized": "UBERON:0002048 sample", "event": "ontology_normalization", "level": "info", "timestamp": "2026-03-09T14:56:38.480898Z"}
{"checklist_id": "ENA_HUMAN_v2.0", "score": 0.6512091010808945, "semantic_sim": 0.30241820216178894, "attr_match": 1.0, "taxon_weight": 1.0, "decision_reasoning": "Calculated Score 0.65 for ENA_HUMAN_v2.0 because of SemanticSim (0.30), AttrMatch (1.00), and TaxonMatch (1.00).", "event": "ranking_score_calculated", "level": "info", "timestamp": "2026-03-09T14:56:38.488687Z"}
{"checklist_id": "ENA_HUMAN_v1.2", "score": 0.6420692503452301, "semantic_sim": 0.2841385006904602, "attr_match": 1.0, "taxon_weight": 1.0, "decision_reasoning": "Calculated Score 0.64 for ENA_HUMAN_v1.2 because of SemanticSim (0.28), AttrMatch (1.00), and TaxonMatch (1.00).", "event": "ranking_score_calculated", "level": "info", "timestamp": "2026-03-09T14:56:38.488687Z"}
{"checklist_id": "VIRAL_v2", "score": 0.21143471598625183, "semantic_sim": 0.12286943197250366, "attr_match": 0.5, "taxon_weight": 0.0, "decision_reasoning": "Calculated Score 0.21 for VIRAL_v2 because of SemanticSim (0.12), AttrMatch (0.50), and TaxonMatch (0.00).", "event": "ranking_score_calculated", "level": "info", "timestamp": "2026-03-09T14:56:38.488687Z"}
{"query": "lung sample", "event": "no_confident_match", "level": "warning", "timestamp": "2026-03-09T14:56:38.488687Z"}
Result: {
  "status": "NO_CONFIDENT_MATCH",
  "best_fit": null,
  "alternatives": []
}
